// Jest Snapshot v1, https://goo.gl/fbAQLP

exports[`Card renders a simple card 1`] = `
<div
  className="card"
>
  <CardBlock>
    My Card
  </CardBlock>
</div>
`;
