// Jest Snapshot v1, https://goo.gl/fbAQLP

exports[`should render a boolean param with title and description 1`] = `
<BooleanParam
  handleBasicFormParamChange={[MockFunction]}
  id="foo"
  label="Enable Metrics"
  param={
    Object {
      "path": "enableMetrics",
      "type": "boolean",
      "value": true,
    }
  }
>
  <label
    htmlFor="foo"
  >
    <div>
      <ReactSwitch
        activeBoxShadow="0 0 2px 3px #3bf"
        boxShadow={null}
        checked={true}
        checkedIcon={false}
        className="react-switch"
        disabled={false}
        height={20}
        id="foo"
        offColor="#888"
        offHandleColor="#fff"
        onChange={[Function]}
        onColor="#5aa220"
        onHandleColor="#fff"
        uncheckedIcon={false}
        width={40}
      >
        <div
          className="react-switch"
          style={
            Object {
              "MozTransition": "opacity 0.25s",
              "MozUserSelect": "none",
              "WebkitTapHighlightColor": "rgba(0, 0, 0, 0)",
              "WebkitTransition": "opacity 0.25s",
              "WebkitUserSelect": "none",
              "borderRadius": 10,
              "direction": "ltr",
              "display": "inline-block",
              "msUserSelect": "none",
              "opacity": 1,
              "position": "relative",
              "textAlign": "left",
              "touchAction": "none",
              "transition": "opacity 0.25s",
              "userSelect": "none",
            }
          }
        >
          <div
            className="react-switch-bg"
            onClick={[Function]}
            onMouseDown={[Function]}
            style={
              Object {
                "MozTransition": "background 0.25s",
                "WebkitTransition": "background 0.25s",
                "background": "#5aa220",
                "borderRadius": 10,
                "cursor": "pointer",
                "height": 20,
                "margin": 0,
                "position": "relative",
                "transition": "background 0.25s",
                "width": 40,
              }
            }
          />
          <div
            className="react-switch-handle"
            onClick={[Function]}
            onMouseDown={[Function]}
            onTouchCancel={[Function]}
            onTouchEnd={[Function]}
            onTouchMove={[Function]}
            onTouchStart={[Function]}
            style={
              Object {
                "MozTransition": "background-color 0.25s, transform 0.25s, box-shadow 0.15s",
                "WebkitTransition": "background-color 0.25s, transform 0.25s, box-shadow 0.15s",
                "background": "#ffffff",
                "border": 0,
                "borderRadius": "50%",
                "boxShadow": null,
                "cursor": "pointer",
                "display": "inline-block",
                "height": 18,
                "outline": 0,
                "position": "absolute",
                "top": 1,
                "transform": "translateX(21px)",
                "transition": "background-color 0.25s, transform 0.25s, box-shadow 0.15s",
                "width": 18,
              }
            }
          />
          <input
            aria-checked={true}
            checked={true}
            disabled={false}
            id="foo"
            onBlur={[Function]}
            onChange={[Function]}
            onFocus={[Function]}
            onKeyUp={[Function]}
            role="switch"
            style={
              Object {
                "border": 0,
                "clip": "rect(0 0 0 0)",
                "height": 1,
                "margin": -1,
                "overflow": "hidden",
                "padding": 0,
                "position": "absolute",
                "width": 1,
              }
            }
            type="checkbox"
          />
        </div>
      </ReactSwitch>
      <span
        className="deployment-form-label"
      >
        Enable Metrics
      </span>
    </div>
  </label>
</BooleanParam>
`;
