// Jest Snapshot v1, https://goo.gl/fbAQLP

exports[`renders a disk size param with a default value 1`] = `
<div>
  <label
    htmlFor="disk"
  >
    <span
      className="centered deployment-form-label deployment-form-label-text-param"
    >
      Disk Size
    </span>
    <div
      className="slider-block"
    >
      <div
        className="slider-content"
      >
        <Slider
          default={10}
          max={100}
          min={1}
          onChange={[Function]}
          onUpdate={[Function]}
          sliderStyle={
            Object {
              "margin": "1.2em 0 1.2em 0",
              "width": "100%",
            }
          }
          step={1}
          values={10}
        />
      </div>
      <div
        className="slider-input-and-unit"
      >
        <input
          className="slider-input clr-input"
          id="disk"
          onChange={[Function]}
          value={10}
        />
        <span
          className="margin-l-normal"
        >
          Gi
        </span>
      </div>
    </div>
  </label>
</div>
`;

exports[`renders a disk size param with a default value 2`] = `
<div>
  <label
    htmlFor="disk"
  >
    <span
      className="centered deployment-form-label deployment-form-label-text-param"
    >
      Disk Size
    </span>
    <div
      className="slider-block"
    >
      <div
        className="slider-content"
      >
        <Slider
          default={10}
          max={100}
          min={1}
          onChange={[Function]}
          onUpdate={[Function]}
          sliderStyle={
            Object {
              "margin": "1.2em 0 1.2em 0",
              "width": "100%",
            }
          }
          step={1}
          values={10}
        />
      </div>
      <div
        className="slider-input-and-unit"
      >
        <input
          className="slider-input clr-input"
          id="disk"
          onChange={[Function]}
          value={10}
        />
        <span
          className="margin-l-normal"
        >
          Gi
        </span>
      </div>
    </div>
  </label>
</div>
`;

exports[`renders a disk size param with a default value 3`] = `
<div>
  <label
    htmlFor="disk"
  >
    <span
      className="centered deployment-form-label deployment-form-label-text-param"
    >
      Disk Size
    </span>
    <div
      className="slider-block"
    >
      <div
        className="slider-content"
      >
        <Slider
          default={10}
          max={100}
          min={1}
          onChange={[Function]}
          onUpdate={[Function]}
          sliderStyle={
            Object {
              "margin": "1.2em 0 1.2em 0",
              "width": "100%",
            }
          }
          step={1}
          values={10}
        />
      </div>
      <div
        className="slider-input-and-unit"
      >
        <input
          className="slider-input clr-input"
          id="disk"
          onChange={[Function]}
          value={10}
        />
        <span
          className="margin-l-normal"
        >
          Gi
        </span>
      </div>
    </div>
  </label>
</div>
`;
