// Jest Snapshot v1, https://goo.gl/fbAQLP

exports[`CardBlock renders the content correctly 1`] = `
<div
  className="card-block"
>
  My Text
</div>
`;
