// Jest Snapshot v1, https://goo.gl/fbAQLP

exports[`should render a Card 1`] = `
<Column
  listItem={false}
  span={
    Array [
      12,
      6,
      4,
      3,
    ]
  }
>
  <Card
    clickable={true}
    htmlTag="div"
  >
    <Link
      to="/a/link/somewhere"
    >
      <CardHeader
        noBorder={false}
      >
        <div
          className="info-card-header"
        >
          <div
            className="card-title"
          >
            foo
          </div>
        </div>
      </CardHeader>
      <CardBlock>
        <div
          className="info-card-block"
        >
          <div
            className="card-icon"
          >
            <Icon
              icon="an-icon.png"
            />
          </div>
          <div
            className="card-description-wrapper"
          >
            <div
              className="card-description"
            >
              <span />
            </div>
          </div>
        </div>
      </CardBlock>
      <CardFooter>
        <Row
          list={false}
        >
          <div
            className="kubeapps-card-footer"
          >
            <div
              className="kubeapps-card-footer-col1"
            >
              foobar
            </div>
            <div
              className="kubeapps-card-footer-col2"
            >
              <div
                className="footer-tags"
              >
                <span
                  className="label blue"
                >
                  database
                </span>
                <span
                  className="label red"
                >
                  running
                </span>
              </div>
            </div>
          </div>
        </Row>
      </CardFooter>
    </Link>
  </Card>
</Column>
`;
